{"js":["test/fixtures/coolness/br-ie/coolnessfile.js","test/fixtures/mainfeature1.js","test/fixtures/mainfeature2.js","test/fixtures/wonder/acm br/wonderfile.js","test/fixtures/wonder/awesome/awesome.js"],"less":["test/fixtures/coolness/br-ie/coolnessfile.less","test/fixtures/mainfeature1.less"],"tpl":["test/fixtures/coolness/coolnessfile.tpl.html","test/fixtures/mainfeature1.tpl.html","test/fixtures/mainfeature2.tpl.html"]}