{"js":["test/fixtures/coolness/coolnessfile.js","test/fixtures/mainfeature1.js","test/fixtures/mainfeature2.js","test/fixtures/wonder/awesome/awesome.js","test/fixtures/wonder/wonderfile.js"],"less":["test/fixtures/mainfeature1.less"],"tpl":["test/fixtures/coolness/coolnessfile.tpl.html","test/fixtures/mainfeature1.tpl.html","test/fixtures/mainfeature2.tpl.html"]}