["test/fixtures/**/*.js","!test/fixtures/**/*.spec.js"]