["test/fixtures/coolness/br-ie/coolnessfile.js","test/fixtures/ie/mainfeature1.js","test/fixtures/mainfeature2.js","test/fixtures/wonder/awesome/ie/awesome.js","test/fixtures/wonder/wonderfile.js"]
