{"js":["test/fixtures/coolness/br-ie/coolnessfile.js","test/fixtures/ie/mainfeature1.js","test/fixtures/mainfeature2.js","test/fixtures/wonder/awesome/ie/awesome.js","test/fixtures/wonder/wonderfile.js"],"less":["test/fixtures/coolness/br-ie/coolnessfile.less","test/fixtures/ie/mainfeature1.less"],"tpl":["test/fixtures/coolness/coolnessfile.tpl.html","test/fixtures/ie/mainfeature1.tpl.html","test/fixtures/mainfeature2.tpl.html"]}